Line 1, col 6: syntax error: =
Line 4, col 11: syntax error: =
Line 5, col 10: syntax error: =
Line 13, col 5: syntax error: int
