SHORT
ID(main)
LPAR
VOID
RPAR
LBRACE
ID(chr)
ID(letra_abc_1)
ASSIGN
CHRLIT('a')
SEMI
ID(whil)
LPAR
INTLIT(1)
RPAR
LBRACE
WHILE
LPAR
ID(letra_abc_1)
LT
CHRLIT('z')
RPAR
LBRACE
IF
LPAR
ID(letra_abc_1)
EQ
CHRLIT('j')
RPAR
RESERVED(break)
SEMI
ID(letra_abc_1)
RESERVED(++)
SEMI
RBRACE
RETURN
INTLIT(0)
SEMI
RBRACE
VOID
ID(teste)
LPAR
VOID
RPAR
LBRACE
INT
ID(a_b)
ASSIGN
INTLIT(0)
SEMI
SHORT
ID(lim3)
ASSIGN
INTLIT(50)
SEMI
WHILE
LPAR
ID(a_b)
LT
ID(lim3)
RPAR
ID(a_b)
RESERVED(++)
SEMI
IF
LPAR
ID(a_b)
EQ
INTLIT(50)
RPAR
LBRACE
RETURN
INTLIT(50)
SEMI
RBRACE
ELSE
RETURN
INTLIT(0)
RBRACE
