INT
ID(main)
LPAR
VOID
RPAR
LBRACE
RESERVED(float)
ID(fahr)
COMMA
ID(celsius)
SEMI
INT
ID(lower)
COMMA
ID(upper)
COMMA
ID(step)
SEMI
ID(lower)
ASSIGN
INTLIT(0)
SEMI
ID(upper)
ASSIGN
INTLIT(300)
SEMI
ID(step)
ASSIGN
INTLIT(20)
SEMI
ID(fahr)
ASSIGN
ID(lower)
SEMI
WHILE
LPAR
ID(fahr)
LE
ID(upper)
RPAR
LBRACE
ID(celsius)
ASSIGN
LPAR
REALLIT(5.0)
DIV
REALLIT(9.0)
RPAR
MUL
LPAR
ID(fahr)
INTLIT(-32)
RPAR
SEMI
ID(fahr)
PLUS
ASSIGN
ID(step)
SEMI
RBRACE
RETURN
INTLIT(0)
SEMI
RBRACE
