DOUBLE
ID(main)
LPAR
VOID
RPAR
LBRACE
INT
ID(_nameVar_i)
ASSIGN
INTLIT(20)
COMMA
ID(i)
ASSIGN
INTLIT(-20)
SEMI
CHAR
ID(ch)
ASSIGN
CHRLIT('\t')
COMMA
ID(ch0)
ASSIGN
CHRLIT('\ooo')
COMMA
ID(c_1h)
ASSIGN
CHRLIT('1')
SEMI
ID(putchar)
LPAR
ID(ch)
RPAR
SEMI
ID(putchar)
LPAR
ID(c_1h)
RPAR
SEMI
ID(_nameVar_i)
ASSIGN
ID(i)
MINUS
ID(_nameVar_i)
SEMI
Line 13, col 2: unterminated comment
