INT
ID(main)
LPAR
VOID
RPAR
LBRACE
INT
ID(i)
ASSIGN
INTLIT(1)
SEMI
ID(putchar)
LPAR
CHRLIT('\n')
RPAR
SEMI
WHILE
LPAR
ID(i)
RPAR
LBRACE
ID(putchar)
LPAR
CHRLIT('0')
RPAR
SEMI
ID(putchar)
LPAR
CHRLIT('1')
RPAR
SEMI
IF
LPAR
ID(i)
RPAR
LBRACE
ID(putchar)
LPAR
CHRLIT('\n')
RPAR
ID(i)
ASSIGN
ID(i)
INTLIT(+0)
SEMI
ID(i)
ASSIGN
INTLIT(0)
MUL
ID(i)
SEMI
WHILE
LPAR
ID(i)
EQ
INTLIT(0)
RPAR
LBRACE
ID(i)
ASSIGN
ID(i)
INTLIT(+1)
SEMI
ID(putchar)
LPAR
CHRLIT('0')
RPAR
SEMI
RBRACE
RBRACE
ELSE
LBRACE
ID(putchar)
LPAR
CHRLIT('1')
RPAR
SEMI
RBRACE
RBRACE
ID(i)
ASSIGN
INTLIT(5050)
MINUS
ID(i)
SEMI
Line 21, col 5: illegal character ($)
Line 21, col 6: illegal character ($)
Line 21, col 7: illegal character ($)
RETURN
INTLIT(0)
SEMI
RBRACE