Line 1, col 2: invalid char constant (\\\')
CHRLIT('\\')
Line 3, col 2: invalid char constant (\')
Line 4, col 2: invalid char constant (\\\\')
Line 5, col 2: invalid char constant (\\\\\\\')
CHRLIT('\\')
Line 7, col 2: unterminated char constant
Line 8, col 2: unterminated char constant
Line 9, col 2: unterminated char constant
Line 11, col 2: unterminated char constant
CHRLIT('\\')
