===== Global Symbol Table =====
putchar    int(int)
getchar    int(void)
A    void(void)
B    int(int)
C    int(int)
D    int(int)
E    int(int)
F    int(double)
G    int(short)
H    int(short)
I    int(int,int)
J    int(short)
K    int(short,short)

===== Function A Symbol Table =====
return    void
x    int

===== Function B Symbol Table =====
return    int
a    int    param
x    int

===== Function C Symbol Table =====
return    int
a    int    param

===== Function D Symbol Table =====
return    int
a    int    param

===== Function E Symbol Table =====
return    int
a    int    param

===== Function F Symbol Table =====
return    int
a    int    param

===== Function G Symbol Table =====
return    short

===== Function J Symbol Table =====
return    int
a    short    param
b    short    param

===== Function K Symbol Table =====
return    int
a    short    param
b    short    param