Line 16, col 29: Conflicting types (got double, expected int)
Line 17, col 29: Operator % cannot be applied to types double, short
Line 19, col 29: Conflicting types (got double, expected int)
Line 20, col 29: Operator * cannot be applied to types char, void
Line 20, col 29: Conflicting types (got undef, expected int)
Line 21, col 29: Operator * cannot be applied to types int, void
Line 21, col 29: Conflicting types (got undef, expected int)
===== Global Symbol Table =====
putchar	int(int)
getchar	int(void)
funcaoQueRecebeInteiro	void(int)
main	int(void)

===== Function funcaoQueRecebeInteiro Symbol Table =====
return	void
inteiro	int	param

===== Function main Symbol Table =====
return	int
a	int
b	int
c	short
d	double
e	char

Program
..FuncDefinition
....Void
....Id(funcaoQueRecebeInteiro)
....ParamList
......ParamDeclaration
........Int
........Id(inteiro)
....FuncBody
......Return
........Null
..FuncDefinition
....Int
....Id(main)
....ParamList
......ParamDeclaration
........Void
....FuncBody
......Declaration
........Int
........Id(a)
........IntLit(5) - int
......Declaration
........Int
........Id(b)
........IntLit(4) - int
......Declaration
........Short
........Id(c)
........IntLit(3) - int
......Declaration
........Double
........Id(d)
........RealLit(12.5) - double
......Declaration
........Char
........Id(e)
........ChrLit('a') - int
......Call - void
........Id(funcaoQueRecebeInteiro) - void(int)
........Div - int
..........Id(a) - int
..........Id(b) - int
......Call - void
........Id(funcaoQueRecebeInteiro) - void(int)
........Mul - int
..........Id(a) - int
..........Id(c) - short
......Call - void
........Id(funcaoQueRecebeInteiro) - void(int)
........Sub - int
..........Id(c) - short
..........Id(b) - int
......Call - void
........Id(funcaoQueRecebeInteiro) - void(int)
........Sub - int
..........Id(c) - short
..........Id(b) - int
......Call - void
........Id(funcaoQueRecebeInteiro) - void(int)
........Mul - double
..........Id(d) - double
..........Id(b) - int
......Call - void
........Id(funcaoQueRecebeInteiro) - void(int)
........Mod - int
..........Id(d) - double
..........Id(c) - short
......Call - void
........Id(funcaoQueRecebeInteiro) - void(int)
........Mul - int
..........Id(e) - char
..........Id(a) - int
......Call - void
........Id(funcaoQueRecebeInteiro) - void(int)
........Mul - double
..........Id(e) - char
..........Id(d) - double
......Call - void
........Id(funcaoQueRecebeInteiro) - void(int)
........Mul - undef
..........Id(e) - char
..........Call - void
............Id(funcaoQueRecebeInteiro) - void(int)
............IntLit(5) - int
......Call - void
........Id(funcaoQueRecebeInteiro) - void(int)
........Mul - undef
..........Id(a) - int
..........Call - void
............Id(funcaoQueRecebeInteiro) - void(int)
............IntLit(5) - int
......Return
........IntLit(1) - int
